[web/index.html]
[backblue.gif]
[fade.gif]
[index.html]
[web/images/style.css]
[web/images/style.min5d7d.css]
[web/indexd784.html]
[web/images/theme.min5d7d.css]
[web/images/blocks905b.css]
[web/images/index52f0.json]
[web/indexa6da.html]
[web/images/xmlrpc0db0.php]
[web/images/wlwmanifest.xml]
[web/images/cropped-banner.jpg]
[web/images/wp-embed.min5d7d.js]
[web/index.html]
[web/indexb60b.html]
[web/index32ec.html]
[web/indexf1ec.html]
[web/indexec34.html]
[web/images/search.png]
[web/index471a.html]
[web/indexebb0.html]
[web/index2dd6.html]
[web/index5931.html]
[web/images/comment-bubble.png]
[web/indexd849.html]
[web/indexff9c.html]
[web/index6173.html]
[web/index4553.html]
[web/images/comment-arrow.png]
[web/index859c.html]
[web/indexa35a.html]
[web/indexda6c.html]
[web/indexb01a.html]
[web/images/comment-arrow-bypostauthor.png]
[web/images/style.css]
[web/index0903.html]
[web/indexf5a0.html]
[web/indexf4be.html]
[web/indexa8b6.html]
[web/index0b96.html]
[web/images/xmlrpc.php]
[web/indexd622.html]
[web/index0453.html]
[web/index404f.html]
[web/images/style.min5d7d.css]
[web/index9a3a.html]
[web/images/theme.min5d7d.css]
[web/indexc179.html]
[web/indexe38f.html]
[web/index0581.html]
[web/images/blocks905b.css]
[web/index6725.html]
[web/indexa27b.html]
[web/indexe71e.html]
[web/index4a1e.html]
[web/indexd404.html]
[web/index3544.html]
[web/index9d91.html]
[web/indexae05.html]
[web/index4e71.html]
[web/indexfff9.html]
[web/index7e76.html]
[web/images/index006b.json]
[web/images/indexe069.php]
[web/index1469.html]
[web/index5534.html]
[web/index3f9d.html]
[web/index1611.html]
[web/images/comment-reply.min5d7d.js]
[web/index8bc8.html]
[web/indexb31a.html]
[web/indexf488.html]
[web/indexcd64.html]
[web/images/form0235.js]
[web/indexb60b.html]
[web/indexaa1e.html]
[web/indexd52d.html]
[web/index269b.html]
[web/index2c90.html]
[web/indexcff1.html]
[web/index35fc.html]
[web/index5c7e.html]
[web/images/index5290.json]
[web/index5c1a.html]
[web/indexe04d.html]
[web/indexf851.html]
[web/indexe696.html]
[web/images/indexe88b.php]
[web/index32ec.html]
[web/indexdf6d.html]
[web/images/index912e.json]
[web/index858b.html]
[web/images/index4762.php]
[web/indexf1ec.html]
[web/images/index9cf7.json]
[web/index0e93.html]
[web/images/index2349.php]
[web/indexec34.html]
[web/images/index8552.json]
[web/images/index07cc.php]
[web/indexa451.html]
[web/index471a.html]
[web/images/index859d.json]
[web/images/indexcf54.php]
[web/indexebb0.html]
[web/indexdf10.html]
[web/images/index57f7.json]
[web/images/index9a42.php]
[web/index9831.html]
[web/index2dd6.html]
[web/images/index944f.json]
[web/index8285.html]
[web/images/index6764.php]
[web/index5931.html]
[web/images/index5d0b.json]
[web/indexe1e5.html]
[web/images/index33ea.php]
[web/indexd849.html]
[web/images/index8104.json]
[web/index99ae.html]
[web/images/indexc5f8.php]
[web/index4553.html]
[web/images/index5048.json]
[web/images/index8663.php]
[web/indexff9c.html]
[web/images/index7c1b.json]
[web/indexc7f4.html]
[web/index0253.html]
[web/images/index88d7.php]
[web/index6173.html]
[web/images/indexff7e.json]
[web/index984a.html]
[web/images/index09ff.php]
[web/index859c.html]
[web/images/index3813.json]
[web/index2039.html]
[web/images/indexeb12.php]
[web/indexa35a.html]
[web/images/index87c5.json]
[web/index73e2.html]
[web/images/index6310.php]
[web/indexda6c.html]
[web/images/indexdac1.json]
[web/indexe9df.html]
[web/images/indexb5c3.php]
[web/indexb01a.html]
[web/images/index5da2.json]
[web/indexf072.html]
[web/images/index2cc9.php]
[web/index0903.html]
[web/images/index9c5c.json]
[web/indexecdc.html]
[web/images/index29c7.php]
[web/indexf5a0.html]
[web/images/index35ef.json]
[web/index361f.html]
[web/images/index07cf.php]
[web/indexf4be.html]
[web/images/indexb7de.json]
[web/index5d25.html]
[web/images/indexa136.php]
[web/indexa8b6.html]
[web/images/indexdf47.json]
[web/index387f.html]
[web/images/index6c18.php]
[web/index0b96.html]
[web/images/index4dfd.json]
[web/index7f62.html]
[web/images/indexdace.php]
[web/indexd622.html]
[web/images/indexc302.json]
[web/images/indexee35.php]
[web/index427d.html]
[web/index0453.html]
[web/images/index8d6d.json]
[web/index675b.html]
[web/images/index82fb.php]
[web/index404f.html]
[web/images/index7ed2.json]
[web/images/indexe6b4.php]
[web/index9a3a.html]
[web/index54ae.html]
[web/images/indexff10.json]
[web/indexfd91.html]
[web/images/index13b2.php]
[web/indexc179.html]
[web/images/index1834.json]
[web/images/index402c.php]
[web/index9643.html]
[web/indexe38f.html]
[web/images/index77dc.json]
[web/index7023.html]
[web/images/index9353.php]
[web/index0581.html]
[web/images/index1aad.json]
[web/index7ade.html]
[web/images/index6fe0.php]
[web/index6725.html]
[web/images/index4b80.json]
[web/images/index5efa.php]
[web/indexa27b.html]
[web/images/indexa95a.json]
[web/indexdcc5.html]
[web/index7f2a.html]
[web/images/index94b7.php]
[web/indexe71e.html]
[web/images/indexffbf.json]
[web/indexe2e8.html]
[web/images/indexe3d9.php]
[web/index4a1e.html]
[web/images/indexad89.json]
[web/indexd5dc.html]
[web/images/indexd917.php]
[web/indexd404.html]
[web/images/index8eb9.json]
[web/images/indexb366.php]
[web/index3544.html]
[web/images/index118c.json]
[web/index74d3.html]
[web/images/index7e45.php]
[web/index9d91.html]
[web/index28bc.html]
[web/images/indexc84e.json]
[web/index675f.html]
[web/images/indexf26d.php]
[web/indexae05.html]
[web/images/indexcea2.json]
[web/images/index2a22.php]
[web/index4e71.html]
[web/index103e.html]
[web/images/index266b.json]
[web/indexd046.html]
[web/images/indexea46.php]
[web/indexfff9.html]
[web/images/index3852.json]
[web/images/indexd398.php]
[web/indexe452.html]
[web/index7e76.html]
[web/images/index3f6a.json]
[web/index1829.html]
[web/images/indexd691.php]
[web/index1469.html]
[web/images/index5451.json]
[web/images/indexd704.php]
[web/indexe4bc.html]
[web/index3f9d.html]
[web/images/index3585.json]
[web/index8d4b.html]
[web/images/index7831.php]
[web/index5534.html]
[web/images/index0649.json]
[web/indexbb20.html]
[web/images/indexb2b8.php]
[web/index1611.html]
[web/indexcd64.html]
[web/indexb31a.html]
[web/index7e31.html]
[web/images/index594c.json]
[web/index78a0.html]
[web/images/indexfe34.php]
[web/index8bc8.html]
[web/indexe811.html]
[web/images/indexc212.json]
[web/indexaad0.html]
[web/images/index0f30.php]
[web/indexf488.html]
[web/images/index3dfc.json]
[web/index52d0.html]
[web/images/index8d7d.php]
[web/index269b.html]
[web/images/index5190.json]
[web/indexe244.html]
[web/images/indexe1be.php]
[web/indexd52d.html]
[web/images/index2aa2.json]
[web/images/indexaf4d.php]
[web/index5200.html]
[web/index2c90.html]
[web/indexaa1e.html]
[web/indexbbc0.html]
[web/images/indexa891.json]
[web/indexe539.html]
[web/images/indexadfc.php]
[web/indexcff1.html]
[web/images/indexdb1b.json]
[web/index197c.html]
[web/images/index9296.php]
[web/index5c7e.html]
[web/index35fc.html]
[web/indexf851.html]
[web/indexe696.html]
[web/indexe04d.html]
[web/index49b1.html]
[web/index40a0.html]
[web/index8af0.html]
[web/index17d5.html]
[web/indexa828.html]
[web/index3440.html]
[web/indexccf8.html]
[web/index7c2c.html]
[web/indexb998.html]
[web/index261b.html]
[web/index905c.html]
[web/index4659.html]
[web/index50f6.html]
[web/indexd5db.html]
[web/indexd027.html]
[web/index8c34.html]
[web/index5c97.html]
[web/index8902.html]
[web/index2af5.html]
[web/index1422.html]
[web/indexba86.html]
[web/index52e8.html]
[web/indexf167.html]
[web/index90b2.html]
[web/index258b.html]
[web/indexcb8c.html]
[web/index8ee7.html]
[web/index4bd3.html]
[web/index371d.html]
[web/index73fa.html]
[web/index71fc.html]
[web/index80a3.html]
[web/indexca25.html]
[web/index481e.html]
[web/index55d4.html]
[web/index12d0.html]
[web/indexcbb6.html]
[web/indexb190.html]
[web/index3f5a.html]
[web/index0735.html]
[web/indexb93f.html]
[web/index42dc.html]
